[www.enter-name.com/ahi/index.html]
[backblue.gif]
[fade.gif]
[index.html]
[cdnjs.cloudflare.com/ajax/libs/animate.css/3.5.2/animate.min.css]
[www.enter-name.com/ahi/second1-bg.gif]
[upload.wikimedia.org/wikipedia/commons/thumb/0/05/India_geo_stub.svg/918px-India_geo_stub.svg.png]
[code.createjs.com/createjs-2015.11.26.min.js]
[ajax.googleapis.com/ajax/libs/jquery/3.3.1/jquery.min.js]
[www.enter-name.com/ahi/slide.js]
[www.enter-name.com/ahi/img/iFlag.gif]
[www.enter-name.com/ahi/img/left-33.png]
[www.enter-name.com/ahi/img/right-3.png]
[www.enter-name.com/ahi/img/i1.png]
[www.enter-name.com/ahi/img/i2.png]
[www.enter-name.com/ahi/img/i3.png]
[www.enter-name.com/ahi/img/i4.png]
[pagead2.googlesyndication.com/pagead/js/f.txt]
[www.enter-name.com/ahi/img/ki33.png]
[www.enter-name.com/ahi/img/REPP1.png]
[www.enter-name.com/ahi/img/11.png]
[www.enter-name.com/ahi/img/aaaa.png]
[www.enter-name.com/ahi/img/republic-day.gif]
[www.enter-name.com/ahi/img/mahatma-gandhi.jpg]
[www.enter-name.com/ahi/img/subhash-chandra-bose.jpg]
[www.enter-name.com/ahi/img/bhagat-singh.jpg]
[www.enter-name.com/ahi/img/Chandrashekhar-Azaad.jpg]
[www.enter-name.com/ahi/img/bal-gangadhar-tilakk.jpg]
[www.enter-name.com/ahi/img/veer-savarkar.jpg]
[www.enter-name.com/ahi/snow.js]
[www.enter-name.com/ahi/img/O mai mari.mp3]
[www.enter-name.com/ahi/index.html]
[cdnjs.cloudflare.com/ajax/libs/animate.css/3.5.2/animate.min.css]
[www.enter-name.com/ahi/second1-bg.html]
[www.enter-name.com/ahi/slide.js]
[www.enter-name.com/ahi/snow.html]
